[2026-08-22 15:28:21] [INFO ] ================================================================
[2026-08-22 15:28:21] [INFO ] [SQL] INSERT INTO api_logs (ts, level, message, created_at, updated_at) VALUES (%s, %s, %s, NOW(), NOW()) | params=2026-08-22T15:28:21+08:00, INFO, ================================================================
[2026-08-22 15:28:21] [INFO ] 动量轮动策略仪表盘启动: http://127.0.0.1:8765
[2026-08-22 15:28:21] [INFO ] [SQL] INSERT INTO api_logs (ts, level, message, created_at, updated_at) VALUES (%s, %s, %s, NOW(), NOW()) | params=2026-08-22T15:28:21+08:00, INFO, 动量轮动策略仪表盘启动: http://127.0.0.1:8765
[2026-08-22 15:28:21] [INFO ] 数据模式: 离线缓存（点刷新数据才联网）
[2026-08-22 15:28:21] [INFO ] [SQL] INSERT INTO api_logs (ts, level, message, created_at, updated_at) VALUES (%s, %s, %s, NOW(), NOW()) | params=2026-08-22T15:28:21+08:00, INFO, 数据模式: 离线缓存（点刷新数据才联网）
[2026-08-22 15:28:21] [INFO ] 项目根目录: /Users/shimengqiang/IdeaProjects/public/ai-invest
[2026-08-22 15:28:21] [INFO ] [SQL] INSERT INTO api_logs (ts, level, message, created_at, updated_at) VALUES (%s, %s, %s, NOW(), NOW()) | params=2026-08-22T15:28:21+08:00, INFO, 项目根目录: /Users/shimengqiang/IdeaProjects/public/ai-invest
[2026-08-22 15:28:21] [INFO ] 静态资源: /Users/shimengqiang/IdeaProjects/public/ai-invest/momentum-dashboard/static
[2026-08-22 15:28:21] [INFO ] [SQL] INSERT INTO api_logs (ts, level, message, created_at, updated_at) VALUES (%s, %s, %s, NOW(), NOW()) | params=2026-08-22T15:28:21+08:00, INFO, 静态资源: /Users/shimengqiang/IdeaProjects/public/ai-invest/momentum-dashboard/static
[2026-08-22 15:28:21] [INFO ] 数据存储: db.py 后端={'backend': 'mysql', 'host': '127.0.0.1', 'port': 3306, 'database': 'ai_invest', 'user': 'invest'}
[2026-08-22 15:28:21] [INFO ] [SQL] INSERT INTO api_logs (ts, level, message, created_at, updated_at) VALUES (%s, %s, %s, NOW(), NOW()) | params=2026-08-22T15:28:21+08:00, INFO, 数据存储: db.py 后端={'backend': 'mysql', 'host': '127.0.0.1', 'port': 3306, 'database': 'ai_invest', 'user': 'invest'}
[2026-08-22 15:28:21] [INFO ] 缓存层: cache.py 后端=db (持久化/可切换 Redis 等)
[2026-08-22 15:28:21] [INFO ] [SQL] INSERT INTO api_logs (ts, level, message, created_at, updated_at) VALUES (%s, %s, %s, NOW(), NOW()) | params=2026-08-22T15:28:21+08:00, INFO, 缓存层: cache.py 后端=db (持久化/可切换 Redis 等)
[2026-08-22 15:28:21] [INFO ] 日志文件: /Users/shimengqiang/IdeaProjects/public/ai-invest/momentum-dashboard/server-20260822.log（按天命名，保留 7 天自动删除）
[2026-08-22 15:28:21] [INFO ] [SQL] INSERT INTO api_logs (ts, level, message, created_at, updated_at) VALUES (%s, %s, %s, NOW(), NOW()) | params=2026-08-22T15:28:21+08:00, INFO, 日志文件: /Users/shimengqiang/IdeaProjects/public/ai-invest/momentum-dashboard/server-20260822.log（按天命名，保留 7 天自动删除）
[2026-08-22 15:28:21] [INFO ] 信号池: 10 个预设, 回测预设: 8 个
[2026-08-22 15:28:21] [INFO ] [SQL] INSERT INTO api_logs (ts, level, message, created_at, updated_at) VALUES (%s, %s, %s, NOW(), NOW()) | params=2026-08-22T15:28:21+08:00, INFO, 信号池: 10 个预设, 回测预设: 8 个
[2026-08-22 15:28:21] [INFO ] SCHED 下次调度: 2026-08-24 09:07:21 （轮询模式，每 30s 检查）
[2026-08-22 15:28:21] [INFO ] [SQL] INSERT INTO api_logs (ts, level, message, created_at, updated_at) VALUES (%s, %s, %s, NOW(), NOW()) | params=2026-08-22T15:28:21+08:00, INFO, SCHED 下次调度: 2026-08-24 09:07:21 （轮询模式，每 30s 检查）
[2026-08-22 15:28:21] [INFO ] 定时任务: 已启用（交易日 09:07-11:57 / 13:07-15:27 每 10 分钟）
[2026-08-22 15:28:21] [INFO ] [SQL] INSERT INTO api_logs (ts, level, message, created_at, updated_at) VALUES (%s, %s, %s, NOW(), NOW()) | params=2026-08-22T15:28:21+08:00, INFO, 定时任务: 已启用（交易日 09:07-11:57 / 13:07-15:27 每 10 分钟）
[2026-08-22 15:28:21] [INFO ] [SQL] SELECT pool_key, pool_type, description, codes, defensive_code, is_recommended, sort_order, enabled FROM momentum_pools ORDER BY sort_order ASC, pool_key ASC
[2026-08-22 15:28:21] [WARNING] momentum_pools 表为空，使用默认池（如需自定义请先插入配置）
[2026-08-22 15:28:21] [INFO ] [SQL] INSERT INTO api_logs (ts, level, message, created_at, updated_at) VALUES (%s, %s, %s, NOW(), NOW()) | params=2026-08-22T15:28:21+08:00, WARN, momentum_pools 表为空，使用默认池（如需自定义请先插入配置）
[2026-08-22 15:28:21] [INFO ] [SQL] DELETE FROM api_logs WHERE created_at < %s | params=2026-08-15 15:28:21
[2026-08-22 15:28:21] [INFO ] 日志保留策略: server-YYYYMMDD.log 按天命名保留 7 天；api_logs 自动清理 7 天前数据（每 6 小时）
[2026-08-22 15:28:21] [INFO ] [SQL] INSERT INTO api_logs (ts, level, message, created_at, updated_at) VALUES (%s, %s, %s, NOW(), NOW()) | params=2026-08-22T15:28:21+08:00, INFO, 日志保留策略: server-YYYYMMDD.log 按天命名保留 7 天；api_logs 自动清理 7 天前数据（每 6 小时）
[2026-08-22 15:28:21] [INFO ] [SQL] DELETE FROM cache WHERE updated_at < %s | params=2026-08-15 15:28:21
[2026-08-22 15:28:21] [INFO ] ================================================================
[2026-08-22 15:28:21] [INFO ] [SQL] INSERT INTO api_logs (ts, level, message, created_at, updated_at) VALUES (%s, %s, %s, NOW(), NOW()) | params=2026-08-22T15:28:21+08:00, INFO, ================================================================
[2026-08-22 15:28:24] [INFO ] "GET / HTTP/1.1" 200 - (0ms)
[2026-08-22 15:28:24] [INFO ] [SQL] INSERT INTO api_logs (ts, level, message, created_at, updated_at) VALUES (%s, %s, %s, NOW(), NOW()) | params=2026-08-22T15:28:24+08:00, INFO, "GET / HTTP/1.1" 200 - (0ms)
[2026-08-22 15:28:24] [INFO ] END / (static) 27876B
[2026-08-22 15:28:24] [INFO ] [SQL] INSERT INTO api_logs (ts, level, message, created_at, updated_at) VALUES (%s, %s, %s, NOW(), NOW()) | params=2026-08-22T15:28:24+08:00, INFO, END / (static) 27876B
